// Jest Snapshot v1, https://goo.gl/fbAQLP

exports[`Input renders with search input 1`] = `
"<div class=\\"bk-input--default bk-input\\">
  <!----><input class=\\"bk-input--text\\" type=\\"search\\" placeholder=\\"Enter\\">
  <!----><span class=\\"bk-input--suffix-icon\\"><svg xmlns=\\"http://www.w3.org/2000/svg\\" viewBox=\\"0 0 1024 1024\\" style=\\"vertical-align: middle; fill: undefined; overflow: hidden;\\"><path d=\\"M842.56 797.28l-151.52-151.52a336 336 0 1 0-45.28 45.28l151.52 151.52a32 32 0 0 0 45.28-45.28ZM432 704A272 272 0 1 1 704 432 272 272 0 0 1 432 704Z\\" style=\\"\\"></path></svg></span>
  <!---->
  <!---->
  <!---->
</div>"
`;
